Microchip MPLAB XC8 Compiler V1.20 ()

Linker command line:

--edf=C:\Program Files (x86)\Microchip\xc8\v1.20\dat\en_msgs.txt -cs \
  -h+dist/default/production\SREB.production.sym \
  --cmf=dist/default/production\SREB.production.cmf -z -Q18F4550 \
  -oC:\Users\Kolijn\AppData\Local\Temp\s5i8.6 \
  -Mdist/default/production/SREB.production.map -E1 -ver=XC8 \
  -p_main_text=14h -ACODE=00h-07FFFh -ACONST=00h-07FFFh \
  -ASMALLCONST=0800h-08FFhx120 -AMEDIUMCONST=0800h-07FFFh -ACOMRAM=01h-05Fh \
  -AABS1=00h-07FFh -ABIGRAM=01h-07FFh -ARAM=060h-0FFh,0100h-01FFhx7 \
  -ABANK0=060h-0FFh -ABANK1=0100h-01FFh -ABANK2=0200h-02FFh \
  -ABANK3=0300h-03FFh -ABANK4=0400h-04FFh -ABANK5=0500h-05FFh \
  -ABANK6=0600h-06FFh -ABANK7=0700h-07FFh -ASFR=0F60h-0FFFh \
  -preset_vec=00h,intcode=08h,intcodelo,powerup,init,end_init \
  -pramtop=0800h -psmallconst=SMALLCONST -pmediumconst=MEDIUMCONST \
  -pconst=CONST -AFARRAM=00h-00h -ACONFIG=0300000h-030000Dh -pconfig=CONFIG \
  -AIDLOC=0200000h-0200007h -pidloc=IDLOC -AEEDATA=0F00000h-0F000FFh \
  -peeprom_data=EEDATA \
  -prdata=COMRAM,nvrram=COMRAM,nvbit=COMRAM,rbss=COMRAM,rbit=COMRAM \
  -pfarbss=FARRAM,fardata=FARRAM,nvFARRAM=FARRAM \
  -pintsave_regs=BIGRAM,bigbss=BIGRAM,bigdata=BIGRAM -pbss=RAM \
  -pidata=CODE,irdata=CODE,ibigdata=CODE,ifardata=CODE \
  C:\Users\Kolijn\AppData\Local\Temp\s5i8.obj \
  dist/default/production\SREB.production.obj 

Object code version is 3.11

Machine type is 18F4550

Call graph: (short form)




                Name                               Link     Load   Length Selector   Space Scale
C:\Users\Kolijn\AppData\Local\Temp\s5i8.obj
                end_init                             18       18        4        4       0
                reset_vec                             0        0        4        0       0
                config                           300000   300000        E   300000       0
dist/default/production\SREB.production.obj
                intcode                               8        8       10        4       0
                smallconst                          800      800       36      400       0
                text15                              9C6      9C6       34      41B       0
                text14                              990      990       36      41B       0
                intcode_body                        836      836       84      41B       0
                text12                              B0C      B0C       14      41B       0
                text11                              AF8      AF8       14      41B       0
                text10                              ADC      ADC       1C      41B       0
                text9                               95A      95A       36      41B       0
                text8                               B20      B20       12      41B       0
                text7                               8BA      8BA       56      41B       0
                text6                               ABE      ABE       1E      41B       0
                text5                               AA0      AA0       1E      41B       0
                text4                               A28      A28       2E      41B       0
                text3                               9FA      9FA       2E      41B       0
                text2                               A7C      A7C       24      41B       0
                text1                               910      910       4A      41B       0
                _main_text                           14       14      212        A       0
                cstackCOMRAM                          1        1       2A        1       1
                bssBANK0                             60       60       80       60       1
                bssCOMRAM                            2B       2B        B        1       1
                cinit                               A56      A56       26      41B       0

TOTAL           Name                               Link     Load   Length     Space
        CLASS   CODE           
                end_init                             18       18        4         0
                intcode                               8        8       10         0
                reset_vec                             0        0        4         0
                text15                              9C6      9C6       34         0
                text14                              990      990       36         0
                intcode_body                        836      836       84         0
                text12                              B0C      B0C       14         0
                text11                              AF8      AF8       14         0
                text10                              ADC      ADC       1C         0
                text9                               95A      95A       36         0
                text8                               B20      B20       12         0
                text7                               8BA      8BA       56         0
                text6                               ABE      ABE       1E         0
                text5                               AA0      AA0       1E         0
                text4                               A28      A28       2E         0
                text3                               9FA      9FA       2E         0
                text2                               A7C      A7C       24         0
                text1                               910      910       4A         0
                _main_text                           14       14      212         0
                cinit                               A56      A56       26         0

        CLASS   CONST          

        CLASS   SMALLCONST     
                smallconst                          800      800       36         0

        CLASS   MEDIUMCONST    

        CLASS   COMRAM         
                cstackCOMRAM                          1        1       2A         1
                bssCOMRAM                            2B       2B        B         1

        CLASS   ABS1           

        CLASS   BIGRAM         

        CLASS   RAM            

        CLASS   BANK0          
                bssBANK0                             60       60       80         1

        CLASS   BANK1          

        CLASS   BANK2          

        CLASS   BANK3          

        CLASS   BANK4          

        CLASS   BANK5          

        CLASS   BANK6          

        CLASS   BANK7          

        CLASS   SFR            

        CLASS   FARRAM         

        CLASS   CONFIG         
                config                           300000   300000        E         0

        CLASS   IDLOC          

        CLASS   EEDATA         



SEGMENTS        Name                           Load    Length   Top    Selector   Space  Class

                reset_vec                      000000  000004  000004         0       0  CODE    
                cstackCOMRAM                   000001  000035  000036         1       1  COMRAM  
                intcode                        000008  000014  00001C         4       0  CODE    
                _main_text                     000014  000212  000226         A       0  CODE    
                bssBANK0                       000060  000080  0000E0        60       1  BANK0   
                smallconst                     000800  000036  000836       400       0  SMALLCON
                intcode_body                   000836  0002FC  000B32       41B       0  CODE    
                config                         300000  00000E  30000E    300000       0  CONFIG  


UNUSED ADDRESS RANGES

        Name                Unused          Largest block    Delta
        BANK0            0000E0-0000FF               20
        BANK1            000100-0001FF              100
        BANK2            000200-0002FF              100
        BANK3            000300-0003FF              100
        BANK4            000400-0004FF              100
        BANK5            000500-0005FF              100
        BANK6            000600-0006FF              100
        BANK7            000700-0007FF              100
        BIGRAM           000036-00005F               2A
                         0000E0-0007FF              720
        CODE             000004-000007                4
                         000226-0007FF              5DA
                         000B32-007FFF             74CE
        COMRAM           000036-00005F               2A
        CONST            000004-000007                4
                         000226-0007FF              5DA
                         000B32-007FFF             74CE
        EEDATA           F00000-F000FF              100
        IDLOC            200000-200007                8
        MEDIUMCONST      000B32-007FFF             74CE
        RAM              0000E0-0007FF              100
        SFR              000F60-000FFF               A0
        SMALLCONST       000B32-007FFF              100

                                  Symbol Table

?_ADC_sample               cstackCOMRAM 000012
?_PWM1_enable              cstackCOMRAM 000010
?_PWM1_level               cstackCOMRAM 000010
?_PWM2_enable              cstackCOMRAM 000010
?_PWM2_level               cstackCOMRAM 000010
?_UART_TX                  cstackCOMRAM 000017
?_UART_TX_byte             cstackCOMRAM 000016
?_delay_Millis             cstackCOMRAM 000010
ADC_sample@channel         cstackCOMRAM 000012
PWM1_enable@enable         cstackCOMRAM 000010
PWM1_level@level           cstackCOMRAM 000010
PWM2_enable@enable         cstackCOMRAM 000010
PWM2_level@level           cstackCOMRAM 000010
UART_TX@bufLength          cstackCOMRAM 000019
UART_TX@buffer             cstackCOMRAM 000017
UART_TX@i                  cstackCOMRAM 00001D
UART_TX_byte@character     cstackCOMRAM 000016
_ADCON0bits                (abs)        000FC2
_ADCON1bits                (abs)        000FC1
_ADCON2bits                (abs)        000FC0
_ADCSetup                  text9        00095A
_ADC_sample                text1        000910
_ADRESH                    (abs)        000FC4
_ADRESL                    (abs)        000FC3
_BAUDCONbits               (abs)        000FB8
_CCP1CONbits               (abs)        000FBD
_CCP2CONbits               (abs)        000FBA
_CCPR1L                    (abs)        000FBE
_CCPR2L                    (abs)        000FBB
_GPIO_Setup                text12       000B0C
_INTCONbits                (abs)        000FF2
_IPR1bits                  (abs)        000F9F
_PIE1bits                  (abs)        000F9D
_PIR1bits                  (abs)        000F9E
_PORTD                     (abs)        000F83
_PORTDbits                 (abs)        000F83
_PR2                       (abs)        000FCB
_PWM1_enable               text6        000ABE
_PWM1_level                text4        000A28
_PWM2_enable               text5        000AA0
_PWM2_level                text3        0009FA
_RCONbits                  (abs)        000FD0
_RCREG                     (abs)        000FAE
_RCSTA                     (abs)        000FAB
_RXBuffer                  bssBANK0     000060
_RX_Interrupt              text15       0009C6
_SPBRG                     (abs)        000FAF
_T2CON                     (abs)        000FCA
_TRISA                     (abs)        000F92
_TRISCbits                 (abs)        000F94
_TRISD                     (abs)        000F95
_TRISE                     (abs)        000F96
_TXREG                     (abs)        000FAD
_TXSTA1                    (abs)        000FAC
_TXSTA1bits                (abs)        000FAC
_TXSTAbits                 (abs)        000FAC
_Timer2_Interrupt          text14       000990
_Timer_Setup               text11       000AF8
_UART_Setup                text10       000ADC
_UART_TX                   text7        0008BA
_UART_TX_byte              text8        000B20
__CFG_BOR$OFF              (abs)        000000
__CFG_BORV$3               (abs)        000000
__CFG_CCP2MX$ON            (abs)        000000
__CFG_CP0$OFF              (abs)        000000
__CFG_CP1$OFF              (abs)        000000
__CFG_CP2$OFF              (abs)        000000
__CFG_CP3$OFF              (abs)        000000
__CFG_CPB$OFF              (abs)        000000
__CFG_CPD$OFF              (abs)        000000
__CFG_CPUDIV$OSC1_PLL2     (abs)        000000
__CFG_EBTR0$OFF            (abs)        000000
__CFG_EBTR1$OFF            (abs)        000000
__CFG_EBTR2$OFF            (abs)        000000
__CFG_EBTR3$OFF            (abs)        000000
__CFG_EBTRB$OFF            (abs)        000000
__CFG_FCMEN$OFF            (abs)        000000
__CFG_FOSC$XTPLL_XT        (abs)        000000
__CFG_ICPRT$OFF            (abs)        000000
__CFG_IESO$OFF             (abs)        000000
__CFG_LPT1OSC$ON           (abs)        000000
__CFG_LVP$OFF              (abs)        000000
__CFG_MCLRE$ON             (abs)        000000
__CFG_PBADEN$OFF           (abs)        000000
__CFG_PLLDIV$1             (abs)        000000
__CFG_PWRT$OFF             (abs)        000000
__CFG_STVREN$ON            (abs)        000000
__CFG_USBDIV$2             (abs)        000000
__CFG_VREGEN$ON            (abs)        000000
__CFG_WDT$OFF              (abs)        000000
__CFG_WDTPS$32768          (abs)        000000
__CFG_WRT0$OFF             (abs)        000000
__CFG_WRT1$OFF             (abs)        000000
__CFG_WRT2$OFF             (abs)        000000
__CFG_WRT3$OFF             (abs)        000000
__CFG_WRTB$OFF             (abs)        000000
__CFG_WRTC$OFF             (abs)        000000
__CFG_WRTD$OFF             (abs)        000000
__CFG_XINST$OFF            (abs)        000000
__HRAM                     (abs)        000000
__H_main_text              _main_text   000226
__Habs1                    abs1         000000
__Hbank0                   bank0        000000
__Hbank1                   bank1        000000
__Hbank2                   bank2        000000
__Hbank3                   bank3        000000
__Hbank4                   bank4        000000
__Hbank5                   bank5        000000
__Hbank6                   bank6        000000
__Hbank7                   bank7        000000
__Hbigbss                  bigbss       000000
__Hbigdata                 bigdata      000000
__Hbigram                  bigram       000000
__Hbss                     bss          000000
__HbssBANK0                bssBANK0     000000
__HbssCOMRAM               bssCOMRAM    000000
__Hcinit                   cinit        000000
__Hclrtext                 clrtext      000000
__Hcomram                  comram       000000
__Hconfig                  config       30000E
__Hconst                   const        000000
__HcstackCOMRAM            cstackCOMRAM 000000
__Hdata                    data         000000
__Heeprom_data             eeprom_data  000000
__Hend_init                end_init     00001C
__Hfarbss                  farbss       000000
__Hfardata                 fardata      000000
__Hibigdata                ibigdata     000000
__Hidata                   idata        000000
__Hidloc                   idloc        000000
__Hifardata                ifardata     000000
__Hinit                    init         000018
__Hintcode                 intcode      000018
__Hintcode_body            intcode_body 000000
__Hintcodelo               intcodelo    000018
__Hintentry                intentry     000000
__Hintret                  intret       000000
__Hintsave_regs            intsave_regs 000000
__Hirdata                  irdata       000000
__Hmediumconst             mediumconst  000000
__HnvFARRAM                nvFARRAM     000000
__Hnvbit                   nvbit        000000
__Hnvrram                  nvrram       000000
__Hparam                   rparam       000000
__Hpowerup                 powerup      000018
__Hram                     ram          000000
__Hramtop                  ramtop       000800
__Hrbit                    rbit         000000
__Hrbss                    rbss         000000
__Hrdata                   rdata        000000
__Hreset_vec               reset_vec    000004
__Hrparam                  rparam       000000
__Hsfr                     sfr          000000
__Hsmallconst              smallconst   000836
__Hstruct                  struct       000000
__Htemp                    temp         000000
__Htext                    text         000000
__Htext1                   text1        000000
__Htext10                  text10       000000
__Htext11                  text11       000000
__Htext12                  text12       000000
__Htext14                  text14       000000
__Htext15                  text15       000000
__Htext2                   text2        000000
__Htext3                   text3        000000
__Htext4                   text4        000000
__Htext5                   text5        000000
__Htext6                   text6        000000
__Htext7                   text7        000000
__Htext8                   text8        000000
__Htext9                   text9        000000
__LRAM                     (abs)        000001
__L_main_text              _main_text   000014
__Labs1                    abs1         000000
__Lbank0                   bank0        000000
__Lbank1                   bank1        000000
__Lbank2                   bank2        000000
__Lbank3                   bank3        000000
__Lbank4                   bank4        000000
__Lbank5                   bank5        000000
__Lbank6                   bank6        000000
__Lbank7                   bank7        000000
__Lbigbss                  bigbss       000000
__Lbigdata                 bigdata      000000
__Lbigram                  bigram       000000
__Lbss                     bss          000000
__LbssBANK0                bssBANK0     000000
__LbssCOMRAM               bssCOMRAM    000000
__Lcinit                   cinit        000000
__Lclrtext                 clrtext      000000
__Lcomram                  comram       000000
__Lconfig                  config       300000
__Lconst                   const        000000
__LcstackCOMRAM            cstackCOMRAM 000000
__Ldata                    data         000000
__Leeprom_data             eeprom_data  000000
__Lend_init                end_init     000018
__Lfarbss                  farbss       000000
__Lfardata                 fardata      000000
__Libigdata                ibigdata     000000
__Lidata                   idata        000000
__Lidloc                   idloc        000000
__Lifardata                ifardata     000000
__Linit                    init         000018
__Lintcode                 intcode      000008
__Lintcode_body            intcode_body 000000
__Lintcodelo               intcodelo    000018
__Lintentry                intentry     000000
__Lintret                  intret       000000
__Lintsave_regs            intsave_regs 000000
__Lirdata                  irdata       000000
__Lmediumconst             mediumconst  000000
__LnvFARRAM                nvFARRAM     000000
__Lnvbit                   nvbit        000000
__Lnvrram                  nvrram       000000
__Lparam                   rparam       000000
__Lpowerup                 powerup      000018
__Lram                     ram          000000
__Lramtop                  ramtop       000800
__Lrbit                    rbit         000000
__Lrbss                    rbss         000000
__Lrdata                   rdata        000000
__Lreset_vec               reset_vec    000000
__Lrparam                  rparam       000000
__Lsfr                     sfr          000000
__Lsmallconst              smallconst   000800
__Lstruct                  struct       000000
__Ltemp                    temp         000000
__Ltext                    text         000000
__Ltext1                   text1        000000
__Ltext10                  text10       000000
__Ltext11                  text11       000000
__Ltext12                  text12       000000
__Ltext14                  text14       000000
__Ltext15                  text15       000000
__Ltext2                   text2        000000
__Ltext3                   text3        000000
__Ltext4                   text4        000000
__Ltext5                   text5        000000
__Ltext6                   text6        000000
__Ltext7                   text7        000000
__Ltext8                   text8        000000
__Ltext9                   text9        000000
__S0                       (abs)        30000E
__S1                       (abs)        0000E0
__accesstop                (abs)        000060
__activetblptr             (abs)        000001
__end_of_ADCSetup          text9        000990
__end_of_ADC_sample        text1        00095A
__end_of_GPIO_Setup        text12       000B20
__end_of_PWM1_enable       text6        000ADC
__end_of_PWM1_level        text4        000A56
__end_of_PWM2_enable       text5        000ABE
__end_of_PWM2_level        text3        000A28
__end_of_RX_Interrupt      text15       0009FA
__end_of_Timer2_Interrupt  text14       0009C6
__end_of_Timer_Setup       text11       000B0C
__end_of_UART_Setup        text10       000AF8
__end_of_UART_TX           text7        000910
__end_of_UART_TX_byte      text8        000B32
__end_of__initialization   cinit        000A6E
__end_of__stringdata       smallconst   000834
__end_of_delay_Millis      text2        000AA0
__end_of_isr               intcode_body 0008BA
__end_of_main              _main_text   000226
__initialization           cinit        000A56
__mediumconst              mediumconst  000000
__p_main_text              _main_text   000014
__pbssBANK0                bssBANK0     000060
__pbssCOMRAM               bssCOMRAM    00002B
__pcinit                   cinit        000A56
__pcstackCOMRAM            cstackCOMRAM 000001
__pintcode                 intcode      000008
__pintcode_body            intcode_body 000836
__psmallconst              smallconst   000800
__ptext1                   text1        000910
__ptext10                  text10       000ADC
__ptext11                  text11       000AF8
__ptext12                  text12       000B0C
__ptext14                  text14       000990
__ptext15                  text15       0009C6
__ptext2                   text2        000A7C
__ptext3                   text3        0009FA
__ptext4                   text4        000A28
__ptext5                   text5        000AA0
__ptext6                   text6        000ABE
__ptext7                   text7        0008BA
__ptext8                   text8        000B20
__ptext9                   text9        00095A
__ramtop                   ramtop       000800
__size_of_ADCSetup         (abs)        000000
__size_of_ADC_sample       (abs)        000000
__size_of_GPIO_Setup       (abs)        000000
__size_of_PWM1_enable      (abs)        000000
__size_of_PWM1_level       (abs)        000000
__size_of_PWM2_enable      (abs)        000000
__size_of_PWM2_level       (abs)        000000
__size_of_RX_Interrupt     (abs)        000000
__size_of_Timer2_Interrupt (abs)        000000
__size_of_Timer_Setup      (abs)        000000
__size_of_UART_Setup       (abs)        000000
__size_of_UART_TX          (abs)        000000
__size_of_UART_TX_byte     (abs)        000000
__size_of_delay_Millis     (abs)        000000
__size_of_isr              (abs)        000000
__size_of_main             (abs)        000000
__smallconst               smallconst   000800
__stringdata               smallconst   000800
_delay_Millis              text2        000A7C
_isr                       intcode      000008
_main                      _main_text   000014
_main_absaddr              (abs)        000014
_milliDelayCount           bssCOMRAM    00002F
_milliseconds              bssCOMRAM    00002B
_rx_read                   bssCOMRAM    000031
_rx_write                  bssCOMRAM    000035
_timerCounter              bssCOMRAM    000033
delay_Millis@num           cstackCOMRAM 000010
end_of_initialization      cinit        000A6E
int_func                   intcode_body 000836
intlevel0                  text         000000
intlevel1                  text         000000
intlevel2                  text         000000
intlevel3                  text         000000
main@button0_flag          cstackCOMRAM 000027
main@button1_flag          cstackCOMRAM 000028
main@ledCounter            cstackCOMRAM 000026
main@pwmValue              cstackCOMRAM 000029
start                      init         000018
start_initialization       cinit        000A56


FUNCTION INFORMATION:

 *************** function _main *****************
 Defined at:
		line 32 in file "source/main.c"
 Parameters:    Size  Location     Type
  argc            2   30[COMRAM] int 
  argv            3   32[COMRAM] PTR PTR unsigned char 
 Auto vars:     Size  Location     Type
  pwmValue        2   40[COMRAM] int 
  button1_flag    1   39[COMRAM] unsigned char 
  button0_flag    1   38[COMRAM] unsigned char 
  ledCounter      1   37[COMRAM] unsigned char 
 Return value:  Size  Location     Type
                  2   30[COMRAM] int 
 Registers used:
		wreg, fsr0l, fsr0h, fsr1l, fsr1h, fsr1l, fsr1h, fsr2l, fsr2h, status,2, status,0, pclat, btemp, btemp+1, btemp+2, btemp+3, btemp+4, btemp+5, btemp+6, btemp+7, tosl, structret, tblptrl, tblptrh, tblptru, prodl, prodh, bsr, cstack
 Tracked objects:
		On entry : 
		On exit  : 
		Unchanged: 
 Data sizes:     COMRAM   BANK0   BANK1   BANK2   BANK3   BANK4   BANK5   BANK6   BANK7
      Params:         5       0       0       0       0       0       0       0       0
      Locals:         5       0       0       0       0       0       0       0       0
      Temps:          2       0       0       0       0       0       0       0       0
      Totals:        12       0       0       0       0       0       0       0       0
Total ram usage:       12 bytes
 Hardware stack levels required when called:    4
 This function calls:
		_GPIO_Setup
		_Timer_Setup
		_UART_Setup
		_ADCSetup
		_UART_TX
		_PWM1_enable
		_PWM2_enable
		_PWM1_level
		_PWM2_level
		_ADC_sample
		_UART_TX_byte
 This function is called by:
		Startup code after reset
 This function uses a non-reentrant model


 *************** function _ADC_sample *****************
 Defined at:
		line 39 in file "source/adc.c"
 Parameters:    Size  Location     Type
  channel         1   17[COMRAM] unsigned char 
 Auto vars:     Size  Location     Type
		None
 Return value:  Size  Location     Type
                  2   17[COMRAM] int 
 Registers used:
		wreg, status,2, status,0, cstack
 Tracked objects:
		On entry : 
		On exit  : 
		Unchanged: 
 Data sizes:     COMRAM   BANK0   BANK1   BANK2   BANK3   BANK4   BANK5   BANK6   BANK7
      Params:         2       0       0       0       0       0       0       0       0
      Locals:         0       0       0       0       0       0       0       0       0
      Temps:          2       0       0       0       0       0       0       0       0
      Totals:         4       0       0       0       0       0       0       0       0
Total ram usage:        4 bytes
 Hardware stack levels used:    1
 Hardware stack levels required when called:    3
 This function calls:
		_delay_Millis
 This function is called by:
		_main
 This function uses a non-reentrant model


 *************** function _delay_Millis *****************
 Defined at:
		line 68 in file "source/timer.c"
 Parameters:    Size  Location     Type
  num             2   15[COMRAM] int 
 Auto vars:     Size  Location     Type
		None
 Return value:  Size  Location     Type
		None               void
 Registers used:
		wreg, status,2, status,0
 Tracked objects:
		On entry : 
		On exit  : 
		Unchanged: 
 Data sizes:     COMRAM   BANK0   BANK1   BANK2   BANK3   BANK4   BANK5   BANK6   BANK7
      Params:         2       0       0       0       0       0       0       0       0
      Locals:         0       0       0       0       0       0       0       0       0
      Temps:          0       0       0       0       0       0       0       0       0
      Totals:         2       0       0       0       0       0       0       0       0
Total ram usage:        2 bytes
 Hardware stack levels used:    1
 Hardware stack levels required when called:    2
 This function calls:
		Nothing
 This function is called by:
		_ADC_sample
 This function uses a non-reentrant model


 *************** function _PWM2_level *****************
 Defined at:
		line 56 in file "source/pwm.c"
 Parameters:    Size  Location     Type
  level           2   15[COMRAM] int 
 Auto vars:     Size  Location     Type
		None
 Return value:  Size  Location     Type
		None               void
 Registers used:
		wreg, status,2, status,0
 Tracked objects:
		On entry : 
		On exit  : 
		Unchanged: 
 Data sizes:     COMRAM   BANK0   BANK1   BANK2   BANK3   BANK4   BANK5   BANK6   BANK7
      Params:         2       0       0       0       0       0       0       0       0
      Locals:         0       0       0       0       0       0       0       0       0
      Temps:          2       0       0       0       0       0       0       0       0
      Totals:         4       0       0       0       0       0       0       0       0
Total ram usage:        4 bytes
 Hardware stack levels used:    1
 Hardware stack levels required when called:    2
 This function calls:
		Nothing
 This function is called by:
		_main
 This function uses a non-reentrant model


 *************** function _PWM1_level *****************
 Defined at:
		line 45 in file "source/pwm.c"
 Parameters:    Size  Location     Type
  level           2   15[COMRAM] int 
 Auto vars:     Size  Location     Type
		None
 Return value:  Size  Location     Type
		None               void
 Registers used:
		wreg, status,2, status,0
 Tracked objects:
		On entry : 
		On exit  : 
		Unchanged: 
 Data sizes:     COMRAM   BANK0   BANK1   BANK2   BANK3   BANK4   BANK5   BANK6   BANK7
      Params:         2       0       0       0       0       0       0       0       0
      Locals:         0       0       0       0       0       0       0       0       0
      Temps:          2       0       0       0       0       0       0       0       0
      Totals:         4       0       0       0       0       0       0       0       0
Total ram usage:        4 bytes
 Hardware stack levels used:    1
 Hardware stack levels required when called:    2
 This function calls:
		Nothing
 This function is called by:
		_main
 This function uses a non-reentrant model


 *************** function _PWM2_enable *****************
 Defined at:
		line 32 in file "source/pwm.c"
 Parameters:    Size  Location     Type
  enable          1   15[COMRAM] unsigned char 
 Auto vars:     Size  Location     Type
		None
 Return value:  Size  Location     Type
		None               void
 Registers used:
		wreg, status,2
 Tracked objects:
		On entry : 
		On exit  : 
		Unchanged: 
 Data sizes:     COMRAM   BANK0   BANK1   BANK2   BANK3   BANK4   BANK5   BANK6   BANK7
      Params:         1       0       0       0       0       0       0       0       0
      Locals:         0       0       0       0       0       0       0       0       0
      Temps:          0       0       0       0       0       0       0       0       0
      Totals:         1       0       0       0       0       0       0       0       0
Total ram usage:        1 bytes
 Hardware stack levels used:    1
 Hardware stack levels required when called:    2
 This function calls:
		Nothing
 This function is called by:
		_main
 This function uses a non-reentrant model


 *************** function _PWM1_enable *****************
 Defined at:
		line 16 in file "source/pwm.c"
 Parameters:    Size  Location     Type
  enable          1   15[COMRAM] unsigned char 
 Auto vars:     Size  Location     Type
		None
 Return value:  Size  Location     Type
		None               void
 Registers used:
		wreg, status,2
 Tracked objects:
		On entry : 
		On exit  : 
		Unchanged: 
 Data sizes:     COMRAM   BANK0   BANK1   BANK2   BANK3   BANK4   BANK5   BANK6   BANK7
      Params:         1       0       0       0       0       0       0       0       0
      Locals:         0       0       0       0       0       0       0       0       0
      Temps:          0       0       0       0       0       0       0       0       0
      Totals:         1       0       0       0       0       0       0       0       0
Total ram usage:        1 bytes
 Hardware stack levels used:    1
 Hardware stack levels required when called:    2
 This function calls:
		Nothing
 This function is called by:
		_main
 This function uses a non-reentrant model


 *************** function _UART_TX *****************
 Defined at:
		line 84 in file "source/uart.c"
 Parameters:    Size  Location     Type
  buffer          2   22[COMRAM] PTR unsigned char 
		 -> STR_4(18), STR_3(14), STR_2(14), STR_1(6), 
  bufLength       2   24[COMRAM] int 
 Auto vars:     Size  Location     Type
  i               2   28[COMRAM] int 
 Return value:  Size  Location     Type
		None               void
 Registers used:
		wreg, status,2, status,0, tblptrl, tblptrh, tblptru, cstack
 Tracked objects:
		On entry : 
		On exit  : 
		Unchanged: 
 Data sizes:     COMRAM   BANK0   BANK1   BANK2   BANK3   BANK4   BANK5   BANK6   BANK7
      Params:         4       0       0       0       0       0       0       0       0
      Locals:         2       0       0       0       0       0       0       0       0
      Temps:          2       0       0       0       0       0       0       0       0
      Totals:         8       0       0       0       0       0       0       0       0
Total ram usage:        8 bytes
 Hardware stack levels used:    1
 Hardware stack levels required when called:    3
 This function calls:
		_UART_TX_byte
 This function is called by:
		_main
 This function uses a non-reentrant model


 *************** function _UART_TX_byte *****************
 Defined at:
		line 99 in file "source/uart.c"
 Parameters:    Size  Location     Type
  character       1   21[COMRAM] unsigned char 
 Auto vars:     Size  Location     Type
		None
 Return value:  Size  Location     Type
		None               void
 Registers used:
		None
 Tracked objects:
		On entry : 
		On exit  : 
		Unchanged: 
 Data sizes:     COMRAM   BANK0   BANK1   BANK2   BANK3   BANK4   BANK5   BANK6   BANK7
      Params:         1       0       0       0       0       0       0       0       0
      Locals:         0       0       0       0       0       0       0       0       0
      Temps:          0       0       0       0       0       0       0       0       0
      Totals:         1       0       0       0       0       0       0       0       0
Total ram usage:        1 bytes
 Hardware stack levels used:    1
 Hardware stack levels required when called:    2
 This function calls:
		Nothing
 This function is called by:
		_main
		_UART_TX
 This function uses a non-reentrant model


 *************** function _ADCSetup *****************
 Defined at:
		line 11 in file "source/adc.c"
 Parameters:    Size  Location     Type
		None
 Auto vars:     Size  Location     Type
		None
 Return value:  Size  Location     Type
		None               void
 Registers used:
		wreg, status,2, status,0
 Tracked objects:
		On entry : 
		On exit  : 
		Unchanged: 
 Data sizes:     COMRAM   BANK0   BANK1   BANK2   BANK3   BANK4   BANK5   BANK6   BANK7
      Params:         0       0       0       0       0       0       0       0       0
      Locals:         0       0       0       0       0       0       0       0       0
      Temps:          0       0       0       0       0       0       0       0       0
      Totals:         0       0       0       0       0       0       0       0       0
Total ram usage:        0 bytes
 Hardware stack levels used:    1
 Hardware stack levels required when called:    2
 This function calls:
		Nothing
 This function is called by:
		_main
 This function uses a non-reentrant model


 *************** function _UART_Setup *****************
 Defined at:
		line 30 in file "source/uart.c"
 Parameters:    Size  Location     Type
		None
 Auto vars:     Size  Location     Type
		None
 Return value:  Size  Location     Type
		None               void
 Registers used:
		wreg, status,2
 Tracked objects:
		On entry : 
		On exit  : 
		Unchanged: 
 Data sizes:     COMRAM   BANK0   BANK1   BANK2   BANK3   BANK4   BANK5   BANK6   BANK7
      Params:         0       0       0       0       0       0       0       0       0
      Locals:         0       0       0       0       0       0       0       0       0
      Temps:          0       0       0       0       0       0       0       0       0
      Totals:         0       0       0       0       0       0       0       0       0
Total ram usage:        0 bytes
 Hardware stack levels used:    1
 Hardware stack levels required when called:    2
 This function calls:
		Nothing
 This function is called by:
		_main
 This function uses a non-reentrant model


 *************** function _Timer_Setup *****************
 Defined at:
		line 28 in file "source/timer.c"
 Parameters:    Size  Location     Type
		None
 Auto vars:     Size  Location     Type
		None
 Return value:  Size  Location     Type
		None               void
 Registers used:
		wreg, status,2
 Tracked objects:
		On entry : 
		On exit  : 
		Unchanged: 
 Data sizes:     COMRAM   BANK0   BANK1   BANK2   BANK3   BANK4   BANK5   BANK6   BANK7
      Params:         0       0       0       0       0       0       0       0       0
      Locals:         0       0       0       0       0       0       0       0       0
      Temps:          0       0       0       0       0       0       0       0       0
      Totals:         0       0       0       0       0       0       0       0       0
Total ram usage:        0 bytes
 Hardware stack levels used:    1
 Hardware stack levels required when called:    2
 This function calls:
		Nothing
 This function is called by:
		_main
 This function uses a non-reentrant model


 *************** function _GPIO_Setup *****************
 Defined at:
		line 11 in file "source/gpio.c"
 Parameters:    Size  Location     Type
		None
 Auto vars:     Size  Location     Type
		None
 Return value:  Size  Location     Type
		None               void
 Registers used:
		wreg, status,2, status,0
 Tracked objects:
		On entry : 
		On exit  : 
		Unchanged: 
 Data sizes:     COMRAM   BANK0   BANK1   BANK2   BANK3   BANK4   BANK5   BANK6   BANK7
      Params:         0       0       0       0       0       0       0       0       0
      Locals:         0       0       0       0       0       0       0       0       0
      Temps:          0       0       0       0       0       0       0       0       0
      Totals:         0       0       0       0       0       0       0       0       0
Total ram usage:        0 bytes
 Hardware stack levels used:    1
 Hardware stack levels required when called:    2
 This function calls:
		Nothing
 This function is called by:
		_main
 This function uses a non-reentrant model


 *************** function _isr *****************
 Defined at:
		line 119 in file "source/main.c"
 Parameters:    Size  Location     Type
		None
 Auto vars:     Size  Location     Type
		None
 Return value:  Size  Location     Type
		None               void
 Registers used:
		wreg, fsr2l, fsr2h, status,2, status,0, prodl, prodh, cstack
 Tracked objects:
		On entry : 
		On exit  : 
		Unchanged: 
 Data sizes:     COMRAM   BANK0   BANK1   BANK2   BANK3   BANK4   BANK5   BANK6   BANK7
      Params:         0       0       0       0       0       0       0       0       0
      Locals:         0       0       0       0       0       0       0       0       0
      Temps:         14       0       0       0       0       0       0       0       0
      Totals:        14       0       0       0       0       0       0       0       0
Total ram usage:       14 bytes
 Hardware stack levels used:    1
 Hardware stack levels required when called:    1
 This function calls:
		_RX_Interrupt
		_Timer2_Interrupt
 This function is called by:
		Interrupt level 2
 This function uses a non-reentrant model


 *************** function _Timer2_Interrupt *****************
 Defined at:
		line 78 in file "source/timer.c"
 Parameters:    Size  Location     Type
		None
 Auto vars:     Size  Location     Type
		None
 Return value:  Size  Location     Type
		None               void
 Registers used:
		wreg, status,2, status,0
 Tracked objects:
		On entry : 
		On exit  : 
		Unchanged: 
 Data sizes:     COMRAM   BANK0   BANK1   BANK2   BANK3   BANK4   BANK5   BANK6   BANK7
      Params:         0       0       0       0       0       0       0       0       0
      Locals:         0       0       0       0       0       0       0       0       0
      Temps:          0       0       0       0       0       0       0       0       0
      Totals:         0       0       0       0       0       0       0       0       0
Total ram usage:        0 bytes
 Hardware stack levels used:    1
 This function calls:
		Nothing
 This function is called by:
		_isr
 This function uses a non-reentrant model


 *************** function _RX_Interrupt *****************
 Defined at:
		line 112 in file "source/uart.c"
 Parameters:    Size  Location     Type
		None
 Auto vars:     Size  Location     Type
		None
 Return value:  Size  Location     Type
		None               void
 Registers used:
		wreg, fsr2l, fsr2h, status,2, status,0, prodl, prodh
 Tracked objects:
		On entry : 
		On exit  : 
		Unchanged: 
 Data sizes:     COMRAM   BANK0   BANK1   BANK2   BANK3   BANK4   BANK5   BANK6   BANK7
      Params:         0       0       0       0       0       0       0       0       0
      Locals:         0       0       0       0       0       0       0       0       0
      Temps:          1       0       0       0       0       0       0       0       0
      Totals:         1       0       0       0       0       0       0       0       0
Total ram usage:        1 bytes
 Hardware stack levels used:    1
 This function calls:
		Nothing
 This function is called by:
		_isr
 This function uses a non-reentrant model



MODULE INFORMATION

Module		Function		Class		Link	Load	Size
source/uart.c
		_UART_Setup    		CODE           	0ADC	0000	28
		_RX_Interrupt  		CODE           	09C6	0000	52
		_UART_TX       		CODE           	08BA	0000	86
		_UART_TX_byte  		CODE           	0B20	0000	18

source/uart.c estimated size: 184

source/timer.c
		_Timer_Setup   		CODE           	0AF8	0000	20
		_delay_Millis  		CODE           	0A7C	0000	36
		_Timer2_Interru		CODE           	0990	0000	54

source/timer.c estimated size: 110

source/pwm.c
		_PWM1_enable   		CODE           	0ABE	0000	30
		_PWM2_enable   		CODE           	0AA0	0000	30
		_PWM1_level    		CODE           	0A28	0000	46
		_PWM2_level    		CODE           	09FA	0000	46

source/pwm.c estimated size: 152

source/adc.c
		_ADCSetup      		CODE           	095A	0000	54
		_ADC_sample    		CODE           	0910	0000	74

source/adc.c estimated size: 128

source/gpio.c
		_GPIO_Setup    		CODE           	0B0C	0000	20

source/gpio.c estimated size: 20

shared
		__stringdata   		SMALLCONST     	0800	0000	52
		__initializatio		CODE           	0A56	0000	24

shared estimated size: 76

source/main.c
		_main          		CODE           	0014	0000	530
		_isr           		CODE           	0008	0000	2226

source/main.c estimated size: 2756

